2026-07-01T20:56:05.432703Z  INFO benchmark: Initializing Lobby Benchmark Harness
2026-07-01T20:56:05.432754Z  INFO benchmark: Phase 1: Bootstrapping infrastructure stack (PostgreSQL & Redis via Testcontainers)
2026-07-01T20:56:05.432761Z  INFO benchmark::infra::containers: Booting ephemeral infrastructure for benchmark harness...
2026-07-01T20:56:07.370392Z  INFO benchmark::infra::containers: Postgres and Redis containers are running and healthy.
2026-07-01T20:56:08.373682Z  INFO benchmark::infra::containers: Resolved dynamic host ports. pg_port=32779 redis_port=32778
2026-07-01T20:56:08.477054Z  INFO benchmark::infra::containers: Database migrations applied successfully. Infrastructure ready.
2026-07-01T20:56:08.477081Z  INFO benchmark: Infrastructure stack online.
2026-07-01T20:56:08.477096Z  INFO benchmark: Phase 2: Generating EVM test keys and API stack
2026-07-01T20:56:08.526877Z  INFO benchmark::loadgen::keys: 1000 account created in test_keys.json
2026-07-01T20:56:08.529538Z  INFO benchmark: API stack built successfully. account_count=1000
2026-07-01T20:56:08.529552Z  INFO benchmark: Phase 3: Spawning MockRPC servers for target EVM chains chains=[1, 137, 560048]
2026-07-01T20:56:08.529867Z  INFO benchmark::mockrpc::router: Mockrpc server online chain_id=1 port=46569
2026-07-01T20:56:08.529898Z  INFO benchmark::mockrpc::router: Mockrpc server online chain_id=560048 port=37047
2026-07-01T20:56:08.529935Z  INFO benchmark::mockrpc::router: Mockrpc server online chain_id=137 port=39981
2026-07-01T20:56:08.529947Z  INFO benchmark: MockRPC servers listening and ready. ports={1: 46569, 560048: 37047, 137: 39981}
2026-07-01T20:56:08.529954Z  INFO benchmark: Phase 4: Assembling environment variables for Lobby process
2026-07-01T20:56:08.529961Z  INFO benchmark: Parsing static environment file path="benchmark/bench.env"
2026-07-01T20:56:08.530184Z  INFO benchmark: Environment variables assembled
2026-07-01T20:56:08.530191Z  INFO benchmark: Spawning Lobby server process
2026-07-01T20:56:08.531231Z  INFO benchmark: Polling Lobby server health on port 3000 (timeout: 180s)
2026-07-01T20:56:40.646750Z  INFO benchmark: Lobby server is healthy and bound to port 3000.
2026-07-01T20:56:40.646800Z  INFO benchmark: Phase 5: Initiating load generator and UDS telemetry stream
2026-07-01T20:56:40.653678Z  INFO benchmark: Executing benchmark load test ramp_secs=5.0 steady_secs=30.0 target_tps=1000.0 worker_threads=2
2026-07-01T20:56:40.653758Z  INFO benchmark::metrics: Connecting to Lobby telemetry UDS at: /tmp/lobby_benchmark_telemetry.sock
2026-07-01T20:56:40.654240Z  INFO benchmark::metrics: Telemetry collector online
2026-07-01T20:57:15.654641Z  INFO benchmark::loadgen: worker0 shut down local_dispatches=15640
2026-07-01T20:57:15.655710Z  INFO benchmark::loadgen: worker1 shut down local_dispatches=15640
2026-07-01T20:57:15.655757Z  INFO benchmark::loadgen: Load generation phase complete. All workers joined.
2026-07-01T20:57:25.657981Z  INFO benchmark: Phase 6: Benchmark phases complete. Initiating teardown elapsed=45.004294014s
2026-07-01T20:57:25.658018Z  INFO benchmark: Terminating Lobby server process
2026-07-01T20:57:25.663606Z  INFO benchmark::metrics: Lobby telemetry UDS stream closed by server.
2026-07-01T20:57:25.664121Z  INFO benchmark: Lobby server process terminated
2026-07-01T20:57:25.664143Z  INFO benchmark: Tearing down infrastructure stack and cancelling tokens
2026-07-01T20:57:25.664159Z  INFO benchmark::infra::containers: Initiating explicit teardown of infrastructure containers...
2026-07-01T20:57:25.664220Z  INFO benchmark::mockrpc::router: Mockrpc server shut down chain_id=1 port=46569
2026-07-01T20:57:25.664232Z  INFO benchmark::mockrpc::router: Mockrpc server shut down chain_id=560048 port=37047
2026-07-01T20:57:25.664246Z  INFO benchmark::mockrpc::router: Mockrpc server shut down chain_id=137 port=39981
2026-07-01T20:57:26.514874Z  INFO benchmark::infra::containers: Infrastructure teardown complete.
2026-07-01T20:57:26.515212Z  INFO benchmark: Infrastructure stack torn down.
2026-07-01T20:57:26.515235Z  INFO benchmark: Phase 7: Generating latency and throughput report
2026-07-01T20:57:26.515268Z  INFO benchmark::metrics::deserialize: =======================================================
2026-07-01T20:57:26.515280Z  INFO benchmark::metrics::deserialize:   LOBBY PIPELINE LATENCY REPORT (Steady-State Window)
2026-07-01T20:57:26.515291Z  INFO benchmark::metrics::deserialize: =======================================================
2026-07-01T20:57:26.515302Z  INFO benchmark::metrics::deserialize: Total Samples Received: 31280
2026-07-01T20:57:26.515312Z  INFO benchmark::metrics::deserialize: Samples Filtered (Warmup/Drain): 1283
2026-07-01T20:57:26.515322Z  INFO benchmark::metrics::deserialize: -------------------------------------------------------
2026-07-01T20:57:26.515380Z  INFO benchmark::metrics::deserialize: RelayHost       | p50:   2619µs | p95:   4391µs | p99:  13175µs | p99.9:  30127µs | max:  51455µs | dropped: 0
2026-07-01T20:57:26.515426Z  INFO benchmark::metrics::deserialize: Nonce Reserve   | p50:   2325µs | p95:   5211µs | p99:   9423µs | p99.9:  30239µs | max:  77887µs | dropped: 0
2026-07-01T20:57:26.515472Z  INFO benchmark::metrics::deserialize: Sign (ECDSA)    | p50:   4171µs | p95:   7303µs | p99:  14311µs | p99.9:  31839µs | max:  77951µs | dropped: 0
2026-07-01T20:57:26.515519Z  INFO benchmark::metrics::deserialize: Broadcast (RPC) | p50:   5075µs | p95:   7335µs | p99:  13863µs | p99.9:  30271µs | max:  56543µs | dropped: 0
2026-07-01T20:57:26.515575Z  INFO benchmark::metrics::deserialize: Total Pipeline  | p50:  14623µs | p95:  21919µs | p99:  50143µs | p99.9:  94143µs | max: 124223µs | dropped: 0
2026-07-01T20:57:26.515590Z  INFO benchmark::metrics::deserialize: =======================================================
2026-07-01T20:57:26.515603Z  INFO benchmark: Benchmark harness finished successfully.
